C:\Users\annie\Documents\Workspace\PruebaChoucair\src\test\java\steps\HomeSteps.java
C:\Users\annie\Documents\Workspace\PruebaChoucair\src\test\java\runners\MainRunner.java
C:\Users\annie\Documents\Workspace\PruebaChoucair\src\test\java\pageObjects\PortalJobsPageObjects.java
C:\Users\annie\Documents\Workspace\PruebaChoucair\src\test\java\utils\LectorExcel.java
C:\Users\annie\Documents\Workspace\PruebaChoucair\src\test\java\utils\DataToFeature.java
C:\Users\annie\Documents\Workspace\PruebaChoucair\src\test\java\utils\Utilidades.java
C:\Users\annie\Documents\Workspace\PruebaChoucair\src\test\java\steps\PortalJobsSteps.java
C:\Users\annie\Documents\Workspace\PruebaChoucair\src\test\java\utils\ModelInfoVuelo.java
C:\Users\annie\Documents\Workspace\PruebaChoucair\src\test\java\definitions\PortalJobsDefinitions.java
C:\Users\annie\Documents\Workspace\PruebaChoucair\src\test\java\pageObjects\HomePageObjects.java
C:\Users\annie\Documents\Workspace\PruebaChoucair\src\test\java\definitions\HomeDefinitions.java
C:\Users\annie\Documents\Workspace\PruebaChoucair\src\test\java\runners\RunnerPersonalizado.java
C:\Users\annie\Documents\Workspace\PruebaChoucair\src\test\java\utils\BeforeSuite.java
